// Jest Snapshot v1, https://goo.gl/fbAQLP

exports[`should render correctly 1`] = `
<View
  style={
    Object {
      "alignItems": "center",
      "flex": 1,
      "justifyContent": "center",
    }
  }
  testID="wrapper"
>
  <Text
    style={
      Array [
        Object {
          "color": "rgb(28, 28, 30)",
        },
        undefined,
      ]
    }
  >
    hello
  </Text>
</View>
`;
