// Jest Snapshot v1, https://goo.gl/fbAQLP

exports[`should render correctly 1`] = `
<View
  style={
    Object {
      "alignItems": "center",
      "flex": 1,
      "justifyContent": "center",
    }
  }
>
  <Text
    style={
      Array [
        Object {
          "color": "rgb(28, 28, 30)",
        },
        undefined,
      ]
    }
  >
    Some Option
  </Text>
  <RCTSwitch
    accessibilityRole="switch"
    onChange={[Function]}
    onResponderTerminationRequest={[Function]}
    onStartShouldSetResponder={[Function]}
    onTintColor="rgb(255, 59, 48)"
    style={
      Array [
        Object {
          "height": 31,
          "width": 51,
        },
        Object {
          "backgroundColor": "rgb(242, 242, 242)",
          "borderRadius": 16,
        },
      ]
    }
    thumbTintColor="rgb(0, 122, 255)"
    tintColor="rgb(255, 59, 48)"
    value={true}
  />
  <Text
    style={
      Array [
        Object {
          "color": "rgb(28, 28, 30)",
        },
        undefined,
      ]
    }
  >
    Some Other Option
  </Text>
  <RCTSwitch
    accessibilityRole="switch"
    onChange={[Function]}
    onResponderTerminationRequest={[Function]}
    onStartShouldSetResponder={[Function]}
    onTintColor="rgb(255, 59, 48)"
    style={
      Array [
        Object {
          "height": 31,
          "width": 51,
        },
        Object {
          "backgroundColor": "rgb(242, 242, 242)",
          "borderRadius": 16,
        },
      ]
    }
    thumbTintColor="rgb(0, 122, 255)"
    tintColor="rgb(255, 59, 48)"
    value={false}
  />
  <Text
    style={
      Array [
        Object {
          "color": "rgb(28, 28, 30)",
        },
        undefined,
      ]
    }
  >
    Some Other Other Option
  </Text>
  <RCTSwitch
    accessibilityRole="switch"
    onChange={[Function]}
    onResponderTerminationRequest={[Function]}
    onStartShouldSetResponder={[Function]}
    onTintColor="rgb(255, 59, 48)"
    style={
      Array [
        Object {
          "height": 31,
          "width": 51,
        },
        Object {
          "backgroundColor": "rgb(242, 242, 242)",
          "borderRadius": 16,
        },
      ]
    }
    thumbTintColor="rgb(0, 122, 255)"
    tintColor="rgb(255, 59, 48)"
    value={false}
  />
</View>
`;
